src/components/DatabookPDFTemplate.tsx(1,1): error TS6133: 'React' is declared but its value is never read.
src/pages/PcpFinalizaProcesso.tsx(2,44): error TS6133: 'Camera' is declared but its value is never read.
src/pages/PcpFinalizaProcesso.tsx(2,52): error TS6133: 'Video' is declared but its value is never read.
src/pages/PcpFinalizaProcesso.tsx(2,109): error TS6133: 'ImageIcon' is declared but its value is never read.
